---
source: src/day6.rs
expression: reports
snapshot_kind: text
---
[
    [
        Space,
        Space,
        Space,
        Space,
        Obstacle,
        Space,
        Space,
        Space,
        Space,
        Space,
    ],
    [
        Space,
        Space,
        Space,
        Space,
        Space,
        Space,
        Space,
        Space,
        Space,
        Obstacle,
    ],
    [
        Space,
        Space,
        Space,
        Space,
        Space,
        Space,
        Space,
        Space,
        Space,
        Space,
    ],
    [
        Space,
        Space,
        Obstacle,
        Space,
        Space,
        Space,
        Space,
        Space,
        Space,
        Space,
    ],
    [
        Space,
        Space,
        Space,
        Space,
        Space,
        Space,
        Space,
        Obstacle,
        Space,
        Space,
    ],
    [
        Space,
        Space,
        Space,
        Space,
        Space,
        Space,
        Space,
        Space,
        Space,
        Space,
    ],
    [
        Space,
        Obstacle,
        Space,
        Space,
        Guard(
            Up,
        ),
        Space,
        Space,
        Space,
        Space,
        Space,
    ],
    [
        Space,
        Space,
        Space,
        Space,
        Space,
        Space,
        Space,
        Space,
        Obstacle,
        Space,
    ],
    [
        Obstacle,
        Space,
        Space,
        Space,
        Space,
        Space,
        Space,
        Space,
        Space,
        Space,
    ],
    [
        Space,
        Space,
        Space,
        Space,
        Space,
        Space,
        Obstacle,
        Space,
        Space,
        Space,
    ],
]
