---
source: src/day8.rs
expression: reports
snapshot_kind: text
---
[
    [
        None,
        None,
        None,
        None,
        None,
        None,
        None,
        None,
        None,
        None,
        None,
        None,
    ],
    [
        None,
        None,
        None,
        None,
        None,
        None,
        None,
        None,
        Some(
            Antenna(
                '0',
            ),
        ),
        None,
        None,
        None,
    ],
    [
        None,
        None,
        None,
        None,
        None,
        Some(
            Antenna(
                '0',
            ),
        ),
        None,
        None,
        None,
        None,
        None,
        None,
    ],
    [
        None,
        None,
        None,
        None,
        None,
        None,
        None,
        Some(
            Antenna(
                '0',
            ),
        ),
        None,
        None,
        None,
        None,
    ],
    [
        None,
        None,
        None,
        None,
        Some(
            Antenna(
                '0',
            ),
        ),
        None,
        None,
        None,
        None,
        None,
        None,
        None,
    ],
    [
        None,
        None,
        None,
        None,
        None,
        None,
        Some(
            Antenna(
                'A',
            ),
        ),
        None,
        None,
        None,
        None,
        None,
    ],
    [
        None,
        None,
        None,
        None,
        None,
        None,
        None,
        None,
        None,
        None,
        None,
        None,
    ],
    [
        None,
        None,
        None,
        None,
        None,
        None,
        None,
        None,
        None,
        None,
        None,
        None,
    ],
    [
        None,
        None,
        None,
        None,
        None,
        None,
        None,
        None,
        Some(
            Antenna(
                'A',
            ),
        ),
        None,
        None,
        None,
    ],
    [
        None,
        None,
        None,
        None,
        None,
        None,
        None,
        None,
        None,
        Some(
            Antenna(
                'A',
            ),
        ),
        None,
        None,
    ],
    [
        None,
        None,
        None,
        None,
        None,
        None,
        None,
        None,
        None,
        None,
        None,
        None,
    ],
    [
        None,
        None,
        None,
        None,
        None,
        None,
        None,
        None,
        None,
        None,
        None,
        None,
    ],
]
